log file /etc/frr/frr.log 
log timestamp precision 3
hostname dummyhostname
ip nht resolve-via-default
ipv6 nht resolve-via-default
route-map 192.168.1.2-in deny 20


ip prefix-list 192.168.1.2-pl-ipv4 permit 192.169.1.0/24


ip prefix-list 192.168.1.2-pl-ipv4 permit 192.170.1.0/22

route-map 192.168.1.2-out permit 1
  match ip address prefix-list 192.168.1.2-pl-ipv4
route-map 192.168.1.2-out permit 2
  match ipv6 address prefix-list 192.168.1.2-pl-ipv4


ipv6 prefix-list 192.168.1.2-pl-ipv4 deny any

router bgp 65000
  no bgp ebgp-requires-policy
  no bgp network import-check
  no bgp default ipv4-unicast

  neighbor 192.168.1.2 remote-as 65001
  neighbor 192.168.1.2 port 4567
  neighbor 192.168.1.2 timers 0 0
  neighbor 192.168.1.2 password password
  

  address-family ipv4 unicast
    neighbor 192.168.1.2 activate
    neighbor 192.168.1.2 route-map 192.168.1.2-in in
    neighbor 192.168.1.2 route-map 192.168.1.2-out out
  exit-address-family
  address-family ipv6 unicast
    neighbor 192.168.1.2 activate
    neighbor 192.168.1.2 route-map 192.168.1.2-in in
    neighbor 192.168.1.2 route-map 192.168.1.2-out out
  exit-address-family

